00:24:52 **** Incremental Build of configuration Debug for project Exercise_Lab_5 ****
make -j12 all 
arm-none-eabi-gcc "../Core/Src/fsm_command_parser.c" -mcpu=cortex-m3 -std=gnu11 -g3 -DDEBUG -DUSE_HAL_DRIVER -DSTM32F103x6 -c -I../Core/Inc -I../Drivers/STM32F1xx_HAL_Driver/Inc -I../Drivers/STM32F1xx_HAL_Driver/Inc/Legacy -I../Drivers/CMSIS/Device/ST/STM32F1xx/Include -I../Drivers/CMSIS/Include -O0 -ffunction-sections -fdata-sections -Wall -fstack-usage -MMD -MP -MF"Core/Src/fsm_command_parser.d" -MT"Core/Src/fsm_command_parser.o" --specs=nano.specs -mfloat-abi=soft -mthumb -o "Core/Src/fsm_command_parser.o"
arm-none-eabi-gcc -o "Exercise_Lab_5.elf" @"objects.list"   -mcpu=cortex-m3 -T"D:\TAI_LIEU\HK_7\MicronProcessor_MicroController\Lab_5\STM32CudeIDE\Exercise_Lab_5\STM32F103C6UX_FLASH.ld" --specs=nosys.specs -Wl,-Map="Exercise_Lab_5.map" -Wl,--gc-sections -static --specs=nano.specs -mfloat-abi=soft -mthumb -Wl,--start-group -lc -lm -Wl,--end-group
Finished building target: Exercise_Lab_5.elf
 
arm-none-eabi-size   Exercise_Lab_5.elf 
arm-none-eabi-objdump -h -S  Exercise_Lab_5.elf  > "Exercise_Lab_5.list"
arm-none-eabi-objcopy  -O ihex  Exercise_Lab_5.elf  "Exercise_Lab_5.hex"
   text	   data	    bss	    dec	    hex	filename
  19116	    124	   1940	  21180	   52bc	Exercise_Lab_5.elf
arm-none-eabi-objcopy  -O binary  Exercise_Lab_5.elf  "Exercise_Lab_5.bin"
Finished building: default.size.stdout
 
Finished building: Exercise_Lab_5.hex
Finished building: Exercise_Lab_5.bin
 
 
Finished building: Exercise_Lab_5.list
 

00:24:53 Build Finished. 0 errors, 0 warnings. (took 945ms)

