12:28:18 **** Incremental Build of configuration Debug for project STM32RB Project ****
make -j12 all 
arm-none-eabi-gcc "../Core/Src/fsm_manual.c" -mcpu=cortex-m3 -std=gnu11 -g3 -DDEBUG -DUSE_HAL_DRIVER -DSTM32F103xB -c -I../Core/Inc -I../Drivers/STM32F1xx_HAL_Driver/Inc -I../Drivers/STM32F1xx_HAL_Driver/Inc/Legacy -I../Drivers/CMSIS/Device/ST/STM32F1xx/Include -I../Drivers/CMSIS/Include -O0 -ffunction-sections -fdata-sections -Wall -fstack-usage -MMD -MP -MF"Core/Src/fsm_manual.d" -MT"Core/Src/fsm_manual.o" --specs=nano.specs -mfloat-abi=soft -mthumb -o "Core/Src/fsm_manual.o"
arm-none-eabi-gcc -o "STM32RB Project.elf" @"objects.list"   -mcpu=cortex-m3 -T"C:\Users\ADMIN\Downloads\Project\STM32F103RBTX_FLASH.ld" --specs=nosys.specs -Wl,-Map="STM32RB Project.map" -Wl,--gc-sections -static -u _printf_float --specs=nano.specs -mfloat-abi=soft -mthumb -Wl,--start-group -lc -lm -Wl,--end-group
Finished building target: STM32RB Project.elf
 
arm-none-eabi-size   STM32RB\ Project.elf 
arm-none-eabi-objdump -h -S  STM32RB\ Project.elf  > "STM32RB Project.list"
   text	   data	    bss	    dec	    hex	filename
  40932	    532	   1972	  43436	   a9ac	STM32RB Project.elf
arm-none-eabi-objcopy  -O ihex  STM32RB\ Project.elf  "STM32RB Project.hex"
arm-none-eabi-objcopy  -O binary  STM32RB\ Project.elf  "STM32RB Project.bin"
Finished building: default.size.stdout
 
Finished building: STM32RB Project.hex
Finished building: STM32RB Project.bin
 
 
Finished building: STM32RB Project.list
 

12:28:19 Build Finished. 0 errors, 0 warnings. (took 1s.17ms)

